2026-09-27 16:32:53.037: [INFO] CurrentProfilePath: C:\Git\ProjectF\tmp\indieu\application_edge_profile\Default
2026-09-27 16:32:53.037: [INFO] Profiles total count: 1
2026-09-27 16:32:53.038: [INFO] Profile: name=프로필 1 path=C:\Git\ProjectF\tmp\indieu\application_edge_profile\Default lastActive=2026-09-27T16:32:53.008Z
2026-09-27 16:32:53.038: [INFO] LastUsedProfileDir: C:\Git\ProjectF\tmp\indieu\application_edge_profile\Default
2026-09-27 16:32:53.038: [INFO] MostRecentlyActiveProfile: name=프로필 1 path=C:\Git\ProjectF\tmp\indieu\application_edge_profile\Default lastActive=2026-09-27T16:32:53.008Z
2026-09-27 16:32:53.038: [INFO] OnDoneLoading sync enabled: 0
2026-09-27 16:32:53.038: [INFO] BookmarkModelLoaded, ids_reassigned: 0
2026-09-27 16:32:53.038: [INFO] BookmarksLoadDropped droppedNodes=0
2026-09-27 16:32:53.038: [INFO] BookmarksSnapshot Startup total=0 bar=0 other=0 mobile=0 showBar=0 showBarNTP=1
2026-09-27 16:32:53.118: [INFO] RecordSyncInitDuration has_sync_been_enabled: 0 state: 0
2026-09-27 16:32:53.678: [INFO] VisibilityChanged: 0
2026-09-27 16:32:55.883: [INFO] BookmarkNodeAdded, ABU: 0
2026-09-27 16:32:55.883: [INFO] BookmarkNodeAdded, ABU: 0
2026-09-27 16:32:57.381: [INFO] RecordSyncInitDuration has_sync_been_enabled: 0 state: 0
2026-09-27 16:32:57.398: [INFO] RecordSyncInitDuration has_sync_been_enabled: 0 state: 3
2026-09-27 16:32:57.400: [INFO] Primary account changed.
2026-09-27 16:32:57.400: [INFO] OnPrimaryAccountChanged PrimaryAccountChangeEvent::Type::kSet
2026-09-27 16:32:57.407: [INFO] RecordSyncInitDuration has_sync_been_enabled: 0 state: 3
2026-09-27 16:32:57.599: [INFO] RecordSyncInitDuration has_sync_been_enabled: 0 state: 3
2026-09-27 16:33:07.140: [INFO] BookmarksSnapshot Shutdown total=2 bar=1 other=1 mobile=0 showBar=0 showBarNTP=1
