Blender 4.5.0 (hash 8cb6b388974a built 2025-07-15 01:36:24)
Read blend: "C:\Git\ProjectF\ArtSource\WaterPump\original\before_rectangular_base\WaterPump_clean.blend"
Fra:1 Mem:11.36M (Peak 11.36M) | Time:00:00.00 | Mem:0.00M, Peak:0.00M | Scene, ViewLayer | Synchronizing object | Water_pump
Fra:1 Mem:11.36M (Peak 11.36M) | Time:00:00.00 | Mem:0.00M, Peak:0.00M | Scene, ViewLayer | Synchronizing object | Rim
Fra:1 Mem:13.67M (Peak 13.67M) | Time:00:00.00 | Mem:0.00M, Peak:0.00M | Scene, ViewLayer | Initializing
Fra:1 Mem:13.66M (Peak 13.67M) | Time:00:00.00 | Mem:0.00M, Peak:0.00M | Scene, ViewLayer | Updating Images | Loading WaterPump_OriginalSurface_Repacked
Fra:1 Mem:29.46M (Peak 45.67M) | Time:00:00.08 | Mem:16.00M, Peak:16.00M | Scene, ViewLayer | Waiting for render to start
Fra:1 Mem:29.46M (Peak 45.67M) | Time:00:00.08 | Mem:16.00M, Peak:16.00M | Scene, ViewLayer | Updating Scene
Fra:1 Mem:29.46M (Peak 45.67M) | Time:00:00.08 | Mem:16.00M, Peak:16.00M | Scene, ViewLayer | Updating Shaders
Fra:1 Mem:29.54M (Peak 45.67M) | Time:00:00.08 | Mem:16.00M, Peak:16.00M | Scene, ViewLayer | Loading render kernels (may take a few minutes the first time)
Fra:1 Mem:29.54M (Peak 45.67M) | Time:00:00.08 | Mem:16.00M, Peak:16.00M | Scene, ViewLayer | Updating Procedurals
Fra:1 Mem:29.54M (Peak 45.67M) | Time:00:00.08 | Mem:16.00M, Peak:16.00M | Scene, ViewLayer | Updating Background
Fra:1 Mem:29.54M (Peak 45.67M) | Time:00:00.08 | Mem:16.00M, Peak:16.00M | Scene, ViewLayer | Updating Camera
Fra:1 Mem:29.54M (Peak 45.67M) | Time:00:00.08 | Mem:16.00M, Peak:16.00M | Scene, ViewLayer | Updating Meshes Flags
Fra:1 Mem:29.54M (Peak 45.67M) | Time:00:00.08 | Mem:16.00M, Peak:16.00M | Scene, ViewLayer | Updating Objects
Fra:1 Mem:29.54M (Peak 45.67M) | Time:00:00.08 | Mem:16.00M, Peak:16.00M | Scene, ViewLayer | Updating Objects | Copying Transformations to device
Fra:1 Mem:29.54M (Peak 45.67M) | Time:00:00.08 | Mem:16.00M, Peak:16.00M | Scene, ViewLayer | Updating Particle Systems
Fra:1 Mem:29.54M (Peak 45.67M) | Time:00:00.08 | Mem:16.00M, Peak:16.00M | Scene, ViewLayer | Updating Particle Systems | Copying Particles to device
Fra:1 Mem:29.54M (Peak 45.67M) | Time:00:00.08 | Mem:16.00M, Peak:16.00M | Scene, ViewLayer | Updating Meshes
Fra:1 Mem:29.54M (Peak 45.67M) | Time:00:00.08 | Mem:16.00M, Peak:16.00M | Scene, ViewLayer | Updating Objects | Applying Static Transformations
Fra:1 Mem:29.54M (Peak 45.67M) | Time:00:00.08 | Mem:16.00M, Peak:16.00M | Scene, ViewLayer | Updating Mesh | Computing attributes
Fra:1 Mem:29.64M (Peak 45.67M) | Time:00:00.08 | Mem:16.00M, Peak:16.00M | Scene, ViewLayer | Updating Mesh | Copying Attributes to device
Fra:1 Mem:29.64M (Peak 45.67M) | Time:00:00.08 | Mem:16.10M, Peak:16.10M | Scene, ViewLayer | Updating Scene BVH | Building
Fra:1 Mem:29.64M (Peak 45.67M) | Time:00:00.08 | Mem:16.10M, Peak:16.10M | Scene, ViewLayer | Updating Scene BVH | Building BVH
Fra:1 Mem:29.64M (Peak 45.67M) | Time:00:00.08 | Mem:16.21M, Peak:16.21M | Scene, ViewLayer | Updating Scene BVH | Building BVH 0%
Fra:1 Mem:29.64M (Peak 45.67M) | Time:00:00.08 | Mem:16.32M, Peak:16.43M | Scene, ViewLayer | Updating Scene BVH | Copying BVH to device
Fra:1 Mem:29.64M (Peak 45.67M) | Time:00:00.08 | Mem:16.32M, Peak:16.43M | Scene, ViewLayer | Updating Mesh | Computing normals
Fra:1 Mem:29.74M (Peak 45.67M) | Time:00:00.08 | Mem:16.32M, Peak:16.43M | Scene, ViewLayer | Updating Mesh | Copying Mesh to device
Fra:1 Mem:29.74M (Peak 45.67M) | Time:00:00.08 | Mem:16.42M, Peak:16.43M | Scene, ViewLayer | Updating Objects Flags
Fra:1 Mem:29.74M (Peak 45.67M) | Time:00:00.08 | Mem:16.42M, Peak:16.43M | Scene, ViewLayer | Updating Primitive Offsets
Fra:1 Mem:29.74M (Peak 45.67M) | Time:00:00.08 | Mem:16.42M, Peak:16.43M | Scene, ViewLayer | Updating Images
Fra:1 Mem:29.74M (Peak 45.67M) | Time:00:00.08 | Mem:16.42M, Peak:16.43M | Scene, ViewLayer | Updating Camera Volume
Fra:1 Mem:29.74M (Peak 45.67M) | Time:00:00.08 | Mem:16.42M, Peak:16.43M | Scene, ViewLayer | Updating Lookup Tables
Fra:1 Mem:29.74M (Peak 45.67M) | Time:00:00.08 | Mem:16.50M, Peak:16.50M | Scene, ViewLayer | Updating Lights
Fra:1 Mem:29.74M (Peak 45.67M) | Time:00:00.08 | Mem:16.50M, Peak:16.50M | Scene, ViewLayer | Updating Lights | Computing tree
Fra:1 Mem:29.74M (Peak 45.67M) | Time:00:00.08 | Mem:16.50M, Peak:16.50M | Scene, ViewLayer | Updating Integrator
Fra:1 Mem:29.74M (Peak 45.67M) | Time:00:00.08 | Mem:16.50M, Peak:16.50M | Scene, ViewLayer | Updating Film
Fra:1 Mem:29.74M (Peak 45.67M) | Time:00:00.08 | Mem:16.42M, Peak:16.50M | Scene, ViewLayer | Updating Lookup Tables
Fra:1 Mem:29.74M (Peak 45.67M) | Time:00:00.08 | Mem:16.50M, Peak:16.50M | Scene, ViewLayer | Updating Baking
Fra:1 Mem:29.74M (Peak 45.67M) | Time:00:00.08 | Mem:16.50M, Peak:16.50M | Scene, ViewLayer | Updating Device | Writing constant memory
Fra:1 Mem:29.75M (Peak 45.67M) | Time:00:00.08 | Mem:16.50M, Peak:16.50M | Scene, ViewLayer | Loading denoising kernels (may take a few minutes the first time)
Fra:1 Mem:29.75M (Peak 45.67M) | Time:00:00.08 | Mem:16.50M, Peak:16.50M | Scene, ViewLayer | Sample 0/32
Fra:1 Mem:102.41M (Peak 102.41M) | Time:00:00.19 | Remaining:00:03.32 | Mem:88.99M, Peak:88.99M | Scene, ViewLayer | Sample 1/32
Fra:1 Mem:132.93M (Peak 178.71M) | Time:00:06.30 | Mem:88.99M, Peak:88.99M | Scene, ViewLayer | Sample 32/32
Fra:1 Mem:132.93M (Peak 178.71M) | Time:00:06.30 | Mem:88.99M, Peak:88.99M | Scene, ViewLayer | Finished
Saved: 'C:\Git\ProjectF\ArtSource\WaterPump\rectangular_base_front.png'
Time: 00:07.35 (Saving: 00:01.04)

Fra:1 Mem:13.45M (Peak 13.45M) | Time:00:00.00 | Mem:0.00M, Peak:0.00M | Scene, ViewLayer | Synchronizing object | Water_pump
Fra:1 Mem:13.45M (Peak 13.45M) | Time:00:00.00 | Mem:0.00M, Peak:0.00M | Scene, ViewLayer | Synchronizing object | Fill
Fra:1 Mem:13.67M (Peak 13.67M) | Time:00:00.00 | Mem:0.00M, Peak:0.00M | Scene, ViewLayer | Initializing
Fra:1 Mem:13.66M (Peak 13.67M) | Time:00:00.00 | Mem:0.00M, Peak:0.00M | Scene, ViewLayer | Updating Images | Loading WaterPump_OriginalSurface_Repacked
Fra:1 Mem:29.46M (Peak 45.67M) | Time:00:00.07 | Mem:16.00M, Peak:16.00M | Scene, ViewLayer | Waiting for render to start
Fra:1 Mem:29.46M (Peak 45.67M) | Time:00:00.07 | Mem:16.00M, Peak:16.00M | Scene, ViewLayer | Updating Scene
Fra:1 Mem:29.46M (Peak 45.67M) | Time:00:00.07 | Mem:16.00M, Peak:16.00M | Scene, ViewLayer | Updating Shaders
Fra:1 Mem:29.54M (Peak 45.67M) | Time:00:00.07 | Mem:16.00M, Peak:16.00M | Scene, ViewLayer | Loading render kernels (may take a few minutes the first time)
Fra:1 Mem:29.54M (Peak 45.67M) | Time:00:00.07 | Mem:16.00M, Peak:16.00M | Scene, ViewLayer | Updating Procedurals
Fra:1 Mem:29.54M (Peak 45.67M) | Time:00:00.07 | Mem:16.00M, Peak:16.00M | Scene, ViewLayer | Updating Background
Fra:1 Mem:29.54M (Peak 45.67M) | Time:00:00.07 | Mem:16.00M, Peak:16.00M | Scene, ViewLayer | Updating Camera
Fra:1 Mem:29.54M (Peak 45.67M) | Time:00:00.07 | Mem:16.00M, Peak:16.00M | Scene, ViewLayer | Updating Meshes Flags
Fra:1 Mem:29.54M (Peak 45.67M) | Time:00:00.07 | Mem:16.00M, Peak:16.00M | Scene, ViewLayer | Updating Objects
Fra:1 Mem:29.54M (Peak 45.67M) | Time:00:00.07 | Mem:16.00M, Peak:16.00M | Scene, ViewLayer | Updating Objects | Copying Transformations to device
Fra:1 Mem:29.54M (Peak 45.67M) | Time:00:00.07 | Mem:16.00M, Peak:16.00M | Scene, ViewLayer | Updating Particle Systems
Fra:1 Mem:29.54M (Peak 45.67M) | Time:00:00.07 | Mem:16.00M, Peak:16.00M | Scene, ViewLayer | Updating Particle Systems | Copying Particles to device
Fra:1 Mem:29.54M (Peak 45.67M) | Time:00:00.07 | Mem:16.00M, Peak:16.00M | Scene, ViewLayer | Updating Meshes
Fra:1 Mem:29.54M (Peak 45.67M) | Time:00:00.07 | Mem:16.00M, Peak:16.00M | Scene, ViewLayer | Updating Objects | Applying Static Transformations
Fra:1 Mem:29.54M (Peak 45.67M) | Time:00:00.07 | Mem:16.00M, Peak:16.00M | Scene, ViewLayer | Updating Mesh | Computing attributes
Fra:1 Mem:29.64M (Peak 45.67M) | Time:00:00.07 | Mem:16.00M, Peak:16.00M | Scene, ViewLayer | Updating Mesh | Copying Attributes to device
Fra:1 Mem:29.64M (Peak 45.67M) | Time:00:00.07 | Mem:16.10M, Peak:16.10M | Scene, ViewLayer | Updating Scene BVH | Building
Fra:1 Mem:29.64M (Peak 45.67M) | Time:00:00.07 | Mem:16.10M, Peak:16.10M | Scene, ViewLayer | Updating Scene BVH | Building BVH
Fra:1 Mem:29.64M (Peak 45.67M) | Time:00:00.07 | Mem:16.21M, Peak:16.21M | Scene, ViewLayer | Updating Scene BVH | Building BVH 0%
Fra:1 Mem:29.64M (Peak 45.67M) | Time:00:00.07 | Mem:16.32M, Peak:16.43M | Scene, ViewLayer | Updating Scene BVH | Copying BVH to device
Fra:1 Mem:29.64M (Peak 45.67M) | Time:00:00.07 | Mem:16.32M, Peak:16.43M | Scene, ViewLayer | Updating Mesh | Computing normals
Fra:1 Mem:29.74M (Peak 45.67M) | Time:00:00.07 | Mem:16.32M, Peak:16.43M | Scene, ViewLayer | Updating Mesh | Copying Mesh to device
Fra:1 Mem:29.74M (Peak 45.67M) | Time:00:00.07 | Mem:16.42M, Peak:16.43M | Scene, ViewLayer | Updating Objects Flags
Fra:1 Mem:29.74M (Peak 45.67M) | Time:00:00.07 | Mem:16.42M, Peak:16.43M | Scene, ViewLayer | Updating Primitive Offsets
Fra:1 Mem:29.74M (Peak 45.67M) | Time:00:00.07 | Mem:16.42M, Peak:16.43M | Scene, ViewLayer | Updating Images
Fra:1 Mem:29.74M (Peak 45.67M) | Time:00:00.07 | Mem:16.42M, Peak:16.43M | Scene, ViewLayer | Updating Camera Volume
Fra:1 Mem:29.74M (Peak 45.67M) | Time:00:00.07 | Mem:16.42M, Peak:16.43M | Scene, ViewLayer | Updating Lookup Tables
Fra:1 Mem:29.74M (Peak 45.67M) | Time:00:00.07 | Mem:16.50M, Peak:16.50M | Scene, ViewLayer | Updating Lights
Fra:1 Mem:29.74M (Peak 45.67M) | Time:00:00.07 | Mem:16.50M, Peak:16.50M | Scene, ViewLayer | Updating Lights | Computing tree
Fra:1 Mem:29.74M (Peak 45.67M) | Time:00:00.07 | Mem:16.50M, Peak:16.50M | Scene, ViewLayer | Updating Integrator
Fra:1 Mem:29.74M (Peak 45.67M) | Time:00:00.07 | Mem:16.50M, Peak:16.50M | Scene, ViewLayer | Updating Film
Fra:1 Mem:29.74M (Peak 45.67M) | Time:00:00.07 | Mem:16.42M, Peak:16.50M | Scene, ViewLayer | Updating Lookup Tables
Fra:1 Mem:29.74M (Peak 45.67M) | Time:00:00.07 | Mem:16.50M, Peak:16.50M | Scene, ViewLayer | Updating Baking
Fra:1 Mem:29.74M (Peak 45.67M) | Time:00:00.07 | Mem:16.50M, Peak:16.50M | Scene, ViewLayer | Updating Device | Writing constant memory
Fra:1 Mem:29.75M (Peak 45.67M) | Time:00:00.07 | Mem:16.50M, Peak:16.50M | Scene, ViewLayer | Loading denoising kernels (may take a few minutes the first time)
Fra:1 Mem:29.75M (Peak 45.67M) | Time:00:00.07 | Mem:16.50M, Peak:16.50M | Scene, ViewLayer | Sample 0/32
Fra:1 Mem:102.41M (Peak 102.41M) | Time:00:00.21 | Remaining:00:04.32 | Mem:88.99M, Peak:88.99M | Scene, ViewLayer | Sample 1/32
Fra:1 Mem:132.93M (Peak 178.71M) | Time:00:06.75 | Mem:88.99M, Peak:88.99M | Scene, ViewLayer | Sample 32/32
Fra:1 Mem:132.93M (Peak 178.71M) | Time:00:06.75 | Mem:88.99M, Peak:88.99M | Scene, ViewLayer | Finished
Saved: 'C:\Git\ProjectF\ArtSource\WaterPump\rectangular_base_back.png'
Time: 00:07.36 (Saving: 00:00.60)

Fra:1 Mem:13.45M (Peak 13.45M) | Time:00:00.00 | Mem:0.00M, Peak:0.00M | Scene, ViewLayer | Synchronizing object | Water_pump
Fra:1 Mem:13.45M (Peak 13.45M) | Time:00:00.00 | Mem:0.00M, Peak:0.00M | Scene, ViewLayer | Synchronizing object | Fill
Fra:1 Mem:13.48M (Peak 13.48M) | Time:00:00.00 | Mem:0.00M, Peak:0.00M | Scene, ViewLayer | Synchronizing object | Rim
Fra:1 Mem:13.67M (Peak 13.67M) | Time:00:00.00 | Mem:0.00M, Peak:0.00M | Scene, ViewLayer | Initializing
Fra:1 Mem:13.66M (Peak 13.67M) | Time:00:00.00 | Mem:0.00M, Peak:0.00M | Scene, ViewLayer | Updating Images | Loading WaterPump_OriginalSurface_Repacked
Fra:1 Mem:29.46M (Peak 45.67M) | Time:00:00.07 | Mem:16.00M, Peak:16.00M | Scene, ViewLayer | Waiting for render to start
Fra:1 Mem:29.46M (Peak 45.67M) | Time:00:00.07 | Mem:16.00M, Peak:16.00M | Scene, ViewLayer | Updating Scene
Fra:1 Mem:29.46M (Peak 45.67M) | Time:00:00.07 | Mem:16.00M, Peak:16.00M | Scene, ViewLayer | Updating Shaders
Fra:1 Mem:29.54M (Peak 45.67M) | Time:00:00.07 | Mem:16.00M, Peak:16.00M | Scene, ViewLayer | Loading render kernels (may take a few minutes the first time)
Fra:1 Mem:29.54M (Peak 45.67M) | Time:00:00.07 | Mem:16.00M, Peak:16.00M | Scene, ViewLayer | Updating Procedurals
Fra:1 Mem:29.54M (Peak 45.67M) | Time:00:00.07 | Mem:16.00M, Peak:16.00M | Scene, ViewLayer | Updating Background
Fra:1 Mem:29.54M (Peak 45.67M) | Time:00:00.07 | Mem:16.00M, Peak:16.00M | Scene, ViewLayer | Updating Camera
Fra:1 Mem:29.54M (Peak 45.67M) | Time:00:00.07 | Mem:16.00M, Peak:16.00M | Scene, ViewLayer | Updating Meshes Flags
Fra:1 Mem:29.54M (Peak 45.67M) | Time:00:00.07 | Mem:16.00M, Peak:16.00M | Scene, ViewLayer | Updating Objects
Fra:1 Mem:29.54M (Peak 45.67M) | Time:00:00.07 | Mem:16.00M, Peak:16.00M | Scene, ViewLayer | Updating Objects | Copying Transformations to device
Fra:1 Mem:29.54M (Peak 45.67M) | Time:00:00.07 | Mem:16.00M, Peak:16.00M | Scene, ViewLayer | Updating Particle Systems
Fra:1 Mem:29.54M (Peak 45.67M) | Time:00:00.07 | Mem:16.00M, Peak:16.00M | Scene, ViewLayer | Updating Particle Systems | Copying Particles to device
Fra:1 Mem:29.54M (Peak 45.67M) | Time:00:00.07 | Mem:16.00M, Peak:16.00M | Scene, ViewLayer | Updating Meshes
Fra:1 Mem:29.54M (Peak 45.67M) | Time:00:00.07 | Mem:16.00M, Peak:16.00M | Scene, ViewLayer | Updating Objects | Applying Static Transformations
Fra:1 Mem:29.54M (Peak 45.67M) | Time:00:00.07 | Mem:16.00M, Peak:16.00M | Scene, ViewLayer | Updating Mesh | Computing attributes
Fra:1 Mem:29.64M (Peak 45.67M) | Time:00:00.07 | Mem:16.00M, Peak:16.00M | Scene, ViewLayer | Updating Mesh | Copying Attributes to device
Fra:1 Mem:29.64M (Peak 45.67M) | Time:00:00.07 | Mem:16.10M, Peak:16.10M | Scene, ViewLayer | Updating Scene BVH | Building
Fra:1 Mem:29.64M (Peak 45.67M) | Time:00:00.07 | Mem:16.10M, Peak:16.10M | Scene, ViewLayer | Updating Scene BVH | Building BVH
Fra:1 Mem:29.64M (Peak 45.67M) | Time:00:00.07 | Mem:16.21M, Peak:16.21M | Scene, ViewLayer | Updating Scene BVH | Building BVH 0%
Fra:1 Mem:29.64M (Peak 45.67M) | Time:00:00.08 | Mem:16.32M, Peak:16.43M | Scene, ViewLayer | Updating Scene BVH | Copying BVH to device
Fra:1 Mem:29.64M (Peak 45.67M) | Time:00:00.08 | Mem:16.32M, Peak:16.43M | Scene, ViewLayer | Updating Mesh | Computing normals
Fra:1 Mem:29.74M (Peak 45.67M) | Time:00:00.08 | Mem:16.32M, Peak:16.43M | Scene, ViewLayer | Updating Mesh | Copying Mesh to device
Fra:1 Mem:29.74M (Peak 45.67M) | Time:00:00.08 | Mem:16.42M, Peak:16.43M | Scene, ViewLayer | Updating Objects Flags
Fra:1 Mem:29.74M (Peak 45.67M) | Time:00:00.08 | Mem:16.42M, Peak:16.43M | Scene, ViewLayer | Updating Primitive Offsets
Fra:1 Mem:29.74M (Peak 45.67M) | Time:00:00.08 | Mem:16.42M, Peak:16.43M | Scene, ViewLayer | Updating Images
Fra:1 Mem:29.74M (Peak 45.67M) | Time:00:00.08 | Mem:16.42M, Peak:16.43M | Scene, ViewLayer | Updating Camera Volume
Fra:1 Mem:29.74M (Peak 45.67M) | Time:00:00.08 | Mem:16.42M, Peak:16.43M | Scene, ViewLayer | Updating Lookup Tables
Fra:1 Mem:29.74M (Peak 45.67M) | Time:00:00.08 | Mem:16.50M, Peak:16.50M | Scene, ViewLayer | Updating Lights
Fra:1 Mem:29.74M (Peak 45.67M) | Time:00:00.08 | Mem:16.50M, Peak:16.50M | Scene, ViewLayer | Updating Lights | Computing tree
Fra:1 Mem:29.74M (Peak 45.67M) | Time:00:00.08 | Mem:16.50M, Peak:16.50M | Scene, ViewLayer | Updating Integrator
Fra:1 Mem:29.74M (Peak 45.67M) | Time:00:00.08 | Mem:16.50M, Peak:16.50M | Scene, ViewLayer | Updating Film
Fra:1 Mem:29.74M (Peak 45.67M) | Time:00:00.08 | Mem:16.42M, Peak:16.50M | Scene, ViewLayer | Updating Lookup Tables
Fra:1 Mem:29.74M (Peak 45.67M) | Time:00:00.08 | Mem:16.50M, Peak:16.50M | Scene, ViewLayer | Updating Baking
Fra:1 Mem:29.74M (Peak 45.67M) | Time:00:00.08 | Mem:16.50M, Peak:16.50M | Scene, ViewLayer | Updating Device | Writing constant memory
Fra:1 Mem:29.75M (Peak 45.67M) | Time:00:00.08 | Mem:16.50M, Peak:16.50M | Scene, ViewLayer | Loading denoising kernels (may take a few minutes the first time)
Fra:1 Mem:29.75M (Peak 45.67M) | Time:00:00.08 | Mem:16.50M, Peak:16.50M | Scene, ViewLayer | Sample 0/32
Fra:1 Mem:102.41M (Peak 102.41M) | Time:00:00.21 | Remaining:00:04.26 | Mem:88.99M, Peak:88.99M | Scene, ViewLayer | Sample 1/32
Fra:1 Mem:132.93M (Peak 178.71M) | Time:00:06.61 | Mem:88.99M, Peak:88.99M | Scene, ViewLayer | Sample 32/32
Fra:1 Mem:132.93M (Peak 178.71M) | Time:00:06.61 | Mem:88.99M, Peak:88.99M | Scene, ViewLayer | Finished
Saved: 'C:\Git\ProjectF\ArtSource\WaterPump\rectangular_base_top.png'
Time: 00:07.36 (Saving: 00:00.75)

Info: Saved as "WaterPump_clean.blend"
{
  "plate_width": 0.591796875,
  "plate_depth": 0.6718749701976776,
  "plate_bottom": 0.06054685264825821,
  "plate_top": 0.1425780951976776,
  "front_back_foot_width": 0.626953125,
  "texture_sha256": "b175719937882f8d474f7a7a95ebf7d817e181b0031683a834a3d40a0800ca24",
  "uv_and_topology_unchanged": true,
  "upper_mesh_unchanged": true
}

Blender quit
